

;;; L-Eval input:

;;; L-Eval value:
ok

;;; L-Eval input:

;;; L-Eval value:
1

;;; L-Eval input:

;;; L-Eval value:
ok

;;; L-Eval input:

;;; L-Eval value:
ok

;;; L-Eval input:

;;; L-Eval value:
ok

;;; L-Eval input:

;;; L-Eval value:
ok

;;; L-Eval input:

;;; L-Eval value:
ok

;;; L-Eval input:

;;; L-Eval value:
ok

;;; L-Eval input:

;;; L-Eval value:
ok

;;; L-Eval input:

;;; L-Eval value:
ok

;;; L-Eval input:

;;; L-Eval value:
ok

;;; L-Eval input:

;;; L-Eval value:
18

;;; L-Eval input:

;;; L-Eval value:
ok

;;; L-Eval input:

;;; L-Eval value:
ok

;;; L-Eval input:

;;; L-Eval value:
2.716923932235896

;;; L-Eval input:

;;; end of input
