

;;; M-Eval input:

;;; M-Eval value:
ok

;;; M-Eval input:

;;; M-Eval value:
(a b c d e f)

;;; M-Eval input:

;;; M-Eval value:
ok

;;; M-Eval input:

;;; M-Eval value:
2432902008176640000

;;; M-Eval input:

;;; M-Eval value:
ok

;;; M-Eval input:
3210
;;; M-Eval value:
done

;;; M-Eval input:

;;; M-Eval value:
yes

;;; M-Eval input:

;;; M-Eval value:
ok

;;; M-Eval input:

;;; M-Eval value:
ok

;;; M-Eval input:

;;; M-Eval value:
42

;;; M-Eval input:

;;; end of input
120
25
25
(#f . #t)


;;; M-Eval input:

;;; M-Eval value:
ok

;;; M-Eval input:

;;; M-Eval value:
(a b c d e f)

;;; M-Eval input:

;;; M-Eval value:
ok

;;; M-Eval input:

;;; M-Eval value:
2432902008176640000

;;; M-Eval input:

;;; M-Eval value:
ok

;;; M-Eval input:
3210
;;; M-Eval value:
done

;;; M-Eval input:

;;; M-Eval value:
yes

;;; M-Eval input:

;;; M-Eval value:
ok

;;; M-Eval input:

;;; M-Eval value:
ok

;;; M-Eval input:

;;; M-Eval value:
42

;;; M-Eval input:

;;; end of input
