(1 2)
(a b)
(a 2)
a
(b c)
#f
(apple pear)
(+ 1 0)
(+ (* x 0) (* 1 y))
(+ (* (* x y) (+ 1 0)) (* (+ (* x 0) (* 1 y)) (+ x 3)))
1
y
(+ (* x y) (* y (+ x 3)))
(#t (4 1 3 5) (1 3 5) (5 7))
(#f (5 7))
(7 (3 (1 () ()) (5 () ())) (9 () (11 () ())))
(#t #f)
((leaf D 1) (leaf C 1) (leaf B 2) (leaf A 4))
(A B C D E F G H)
17
(B A C A D A E A F A B B A A A G A H)
