((a b) a b)
((wow b) wow b)
((a b) a b)
((wow b) a b)
(10 2)
((a) a)
((a b) b)
((b) b)
(() b)
#t
ok
(2 #f)
(45 98 #f)
(97 #f)

c 0  New-value = 0
e 0  New-value = 0
ok
ok

e 2  New-value = 1done
done
done
done

c 9  New-value = 1
e 11  New-value = 0done
ok

Probe: Celsius temp = 25
Probe: Fahrenheit temp = 77done
Error! Contradiction (77 212)

Probe: Celsius temp = ?
Probe: Fahrenheit temp = ?done

Probe: Fahrenheit temp = 212
Probe: Celsius temp = 100done
